Traceback (most recent call last):
  File "/Users/eugene/repos/ksdft2effmass/python/../calculations/research-monograph/impurity-defect-2d/run_stage_b.py", line 2007, in <module>
    main()
    ~~~~^^
  File "/Users/eugene/repos/ksdft2effmass/python/../calculations/research-monograph/impurity-defect-2d/run_stage_b.py", line 1998, in main
    StageBRunner().execute(
    ~~~~~~~~~~~~~~~~~~~~~~^
        cast(Path, arguments.design),
        ^^^^^^^^^^^^^^^^^^^^^^^^^^^^^
    ...<2 lines>...
        cast(Path, arguments.output),
        ^^^^^^^^^^^^^^^^^^^^^^^^^^^^^
    )
    ^
  File "/Users/eugene/repos/ksdft2effmass/python/../calculations/research-monograph/impurity-defect-2d/run_stage_b.py", line 1758, in execute
    design = self._existing(root, design_path)
  File "/Users/eugene/repos/ksdft2effmass/python/../calculations/research-monograph/impurity-defect-2d/run_stage_b.py", line 1918, in _existing
    result = candidate.resolve(strict=True)
  File "/opt/homebrew/Cellar/python@3.14/3.14.6/Frameworks/Python.framework/Versions/3.14/lib/python3.14/pathlib/__init__.py", line 938, in resolve
    return self.with_segments(os.path.realpath(self, strict=strict))
                              ~~~~~~~~~~~~~~~~^^^^^^^^^^^^^^^^^^^^^
  File "<frozen posixpath>", line 457, in realpath
FileNotFoundError: [Errno 2] No such file or directory: '/Users/eugene/repos/calculations'
        0.14 real         0.08 user         0.02 sys
            41910272  maximum resident set size
                   0  average shared memory size
                   0  average unshared data size
                   0  average unshared stack size
                5948  page reclaims
                 102  page faults
                   0  swaps
                   0  block input operations
                   0  block output operations
                   1  messages sent
                   1  messages received
                   1  signals received
                 181  voluntary context switches
                 196  involuntary context switches
           139634240  instructions retired
            66482496  cycles elapsed
            14533016  peak memory footprint
